// Jest Snapshot v1, https://goo.gl/fbAQLP

exports[`main reducer should handle CONNECT action with initialState 1`] = `
Object {
  "clientId": "fake client id",
  "host": "fake host",
  "isConnected": false,
  "path": "fake path",
  "port": 5000,
  "topic": "message",
}
`;
